[INFO] Scanning for projects...
[INFO] 
[INFO] ------------------------< com.aihirer:backend >-------------------------
[INFO] Building backend 0.0.1-SNAPSHOT
[INFO]   from pom.xml
[INFO] --------------------------------[ jar ]---------------------------------
[INFO] 
[INFO] --- resources:3.3.1:resources (default-resources) @ backend ---
[INFO] Copying 1 resource from src\main\resources to target\classes
[INFO] Copying 0 resource from src\main\resources to target\classes
[INFO] 
[INFO] --- compiler:3.14.1:compile (default-compile) @ backend ---
[INFO] Recompiling the module because of changed source code.
[INFO] Compiling 34 source files with javac [debug parameters release 17] to target\classes
[INFO] /D:/virtusa/ai-hirer/backend/src/main/java/com/aihirer/backend/service/ApplicationService.java: Some input files use unchecked or unsafe operations.
[INFO] /D:/virtusa/ai-hirer/backend/src/main/java/com/aihirer/backend/service/ApplicationService.java: Recompile with -Xlint:unchecked for details.
[INFO] -------------------------------------------------------------
[ERROR] COMPILATION ERROR : 
[INFO] -------------------------------------------------------------
[ERROR] /D:/virtusa/ai-hirer/backend/src/main/java/com/aihirer/backend/security/SecurityConfig.java:[57,37] method authenticationProvider in class com.aihirer.backend.security.SecurityConfig cannot be applied to given types;
  required: com.aihirer.backend.security.UserDetailsServiceImpl
  found:    no arguments
  reason: actual and formal argument lists differ in length
[INFO] 1 error
[INFO] -------------------------------------------------------------
[INFO] ------------------------------------------------------------------------
[INFO] BUILD FAILURE
[INFO] ------------------------------------------------------------------------
[INFO] Total time:  5.450 s
[INFO] Finished at: 2026-02-28T16:25:03+05:30
[INFO] ------------------------------------------------------------------------
[ERROR] Failed to execute goal org.apache.maven.plugins:maven-compiler-plugin:3.14.1:compile (default-compile) on project backend: Compilation failure
[ERROR] /D:/virtusa/ai-hirer/backend/src/main/java/com/aihirer/backend/security/SecurityConfig.java:[57,37] method authenticationProvider in class com.aihirer.backend.security.SecurityConfig cannot be applied to given types;
[ERROR]   required: com.aihirer.backend.security.UserDetailsServiceImpl
[ERROR]   found:    no arguments
[ERROR]   reason: actual and formal argument lists differ in length
[ERROR] 
[ERROR] -> [Help 1]
[ERROR] 
[ERROR] To see the full stack trace of the errors, re-run Maven with the -e switch.
[ERROR] Re-run Maven using the -X switch to enable full debug logging.
[ERROR] 
[ERROR] For more information about the errors and possible solutions, please read the following articles:
[ERROR] [Help 1] http://cwiki.apache.org/confluence/display/MAVEN/MojoFailureException
